Analysis & Synthesis report for fsm_test
Thu Oct 26 18:42:12 2017
Quartus Prime Version 17.0.0 Build 595 04/25/2017 SJ Lite Edition


---------------------
; Table of Contents ;
---------------------
  1. Legal Notice
  2. Analysis & Synthesis Summary
  3. Analysis & Synthesis Settings
  4. Parallel Compilation
  5. Analysis & Synthesis Source Files Read
  6. Analysis & Synthesis Resource Usage Summary
  7. Analysis & Synthesis Resource Utilization by Entity
  8. Analysis & Synthesis DSP Block Usage Summary
  9. State Machine - |fsm_test|FIR_10:U1|FSM:FSM_PROCESS|state
 10. User-Specified and Inferred Latches
 11. Registers Removed During Synthesis
 12. Removed Registers Triggering Further Register Optimizations
 13. General Register Statistics
 14. Inverted Register Statistics
 15. Multiplexer Restructuring Statistics (Restructuring Performed)
 16. Parameter Settings for Inferred Entity Instance: FIR_10:U1|MAC:MAC_PROCESS|lpm_mult:Mult0
 17. lpm_mult Parameter Settings by Entity Instance
 18. Post-Synthesis Netlist Statistics for Top Partition
 19. Elapsed Time Per Partition
 20. Analysis & Synthesis Messages



----------------
; Legal Notice ;
----------------
Copyright (C) 2017  Intel Corporation. All rights reserved.
Your use of Intel Corporation's design tools, logic functions 
and other software and tools, and its AMPP partner logic 
functions, and any output files from any of the foregoing 
(including device programming or simulation files), and any 
associated documentation or information are expressly subject 
to the terms and conditions of the Intel Program License 
Subscription Agreement, the Intel Quartus Prime License Agreement,
the Intel MegaCore Function License Agreement, or other 
applicable license agreement, including, without limitation, 
that your use is for the sole purpose of programming logic 
devices manufactured by Intel and sold by Intel or its 
authorized distributors.  Please refer to the applicable 
agreement for further details.



+----------------------------------------------------------------------------------+
; Analysis & Synthesis Summary                                                     ;
+------------------------------------+---------------------------------------------+
; Analysis & Synthesis Status        ; Successful - Thu Oct 26 18:42:12 2017       ;
; Quartus Prime Version              ; 17.0.0 Build 595 04/25/2017 SJ Lite Edition ;
; Revision Name                      ; fsm_test                                    ;
; Top-level Entity Name              ; fsm_test                                    ;
; Family                             ; Cyclone IV E                                ;
; Total logic elements               ; 294                                         ;
;     Total combinational functions  ; 242                                         ;
;     Dedicated logic registers      ; 152                                         ;
; Total registers                    ; 152                                         ;
; Total pins                         ; 60                                          ;
; Total virtual pins                 ; 0                                           ;
; Total memory bits                  ; 0                                           ;
; Embedded Multiplier 9-bit elements ; 2                                           ;
; Total PLLs                         ; 0                                           ;
+------------------------------------+---------------------------------------------+


+----------------------------------------------------------------------------------------------------------------------+
; Analysis & Synthesis Settings                                                                                        ;
+----------------------------------------------------------------------------+--------------------+--------------------+
; Option                                                                     ; Setting            ; Default Value      ;
+----------------------------------------------------------------------------+--------------------+--------------------+
; Device                                                                     ; EP4CE115F29C7      ;                    ;
; Top-level entity name                                                      ; fsm_test           ; fsm_test           ;
; Family name                                                                ; Cyclone IV E       ; Cyclone V          ;
; Use smart compilation                                                      ; Off                ; Off                ;
; Enable parallel Assembler and TimeQuest Timing Analyzer during compilation ; On                 ; On                 ;
; Enable compact report table                                                ; Off                ; Off                ;
; Restructure Multiplexers                                                   ; Auto               ; Auto               ;
; Create Debugging Nodes for IP Cores                                        ; Off                ; Off                ;
; Preserve fewer node names                                                  ; On                 ; On                 ;
; OpenCore Plus hardware evaluation                                          ; Enable             ; Enable             ;
; Verilog Version                                                            ; Verilog_2001       ; Verilog_2001       ;
; VHDL Version                                                               ; VHDL_1993          ; VHDL_1993          ;
; State Machine Processing                                                   ; Auto               ; Auto               ;
; Safe State Machine                                                         ; Off                ; Off                ;
; Extract Verilog State Machines                                             ; On                 ; On                 ;
; Extract VHDL State Machines                                                ; On                 ; On                 ;
; Ignore Verilog initial constructs                                          ; Off                ; Off                ;
; Iteration limit for constant Verilog loops                                 ; 5000               ; 5000               ;
; Iteration limit for non-constant Verilog loops                             ; 250                ; 250                ;
; Add Pass-Through Logic to Inferred RAMs                                    ; On                 ; On                 ;
; Infer RAMs from Raw Logic                                                  ; On                 ; On                 ;
; Parallel Synthesis                                                         ; On                 ; On                 ;
; DSP Block Balancing                                                        ; Auto               ; Auto               ;
; NOT Gate Push-Back                                                         ; On                 ; On                 ;
; Power-Up Don't Care                                                        ; On                 ; On                 ;
; Remove Redundant Logic Cells                                               ; Off                ; Off                ;
; Remove Duplicate Registers                                                 ; On                 ; On                 ;
; Ignore CARRY Buffers                                                       ; Off                ; Off                ;
; Ignore CASCADE Buffers                                                     ; Off                ; Off                ;
; Ignore GLOBAL Buffers                                                      ; Off                ; Off                ;
; Ignore ROW GLOBAL Buffers                                                  ; Off                ; Off                ;
; Ignore LCELL Buffers                                                       ; Off                ; Off                ;
; Ignore SOFT Buffers                                                        ; On                 ; On                 ;
; Limit AHDL Integers to 32 Bits                                             ; Off                ; Off                ;
; Optimization Technique                                                     ; Balanced           ; Balanced           ;
; Carry Chain Length                                                         ; 70                 ; 70                 ;
; Auto Carry Chains                                                          ; On                 ; On                 ;
; Auto Open-Drain Pins                                                       ; On                 ; On                 ;
; Perform WYSIWYG Primitive Resynthesis                                      ; Off                ; Off                ;
; Auto ROM Replacement                                                       ; On                 ; On                 ;
; Auto RAM Replacement                                                       ; On                 ; On                 ;
; Auto DSP Block Replacement                                                 ; On                 ; On                 ;
; Auto Shift Register Replacement                                            ; Auto               ; Auto               ;
; Allow Shift Register Merging across Hierarchies                            ; Auto               ; Auto               ;
; Auto Clock Enable Replacement                                              ; On                 ; On                 ;
; Strict RAM Replacement                                                     ; Off                ; Off                ;
; Allow Synchronous Control Signals                                          ; On                 ; On                 ;
; Force Use of Synchronous Clear Signals                                     ; Off                ; Off                ;
; Auto RAM Block Balancing                                                   ; On                 ; On                 ;
; Auto RAM to Logic Cell Conversion                                          ; Off                ; Off                ;
; Auto Resource Sharing                                                      ; Off                ; Off                ;
; Allow Any RAM Size For Recognition                                         ; Off                ; Off                ;
; Allow Any ROM Size For Recognition                                         ; Off                ; Off                ;
; Allow Any Shift Register Size For Recognition                              ; Off                ; Off                ;
; Use LogicLock Constraints during Resource Balancing                        ; On                 ; On                 ;
; Ignore translate_off and synthesis_off directives                          ; Off                ; Off                ;
; Timing-Driven Synthesis                                                    ; On                 ; On                 ;
; Report Parameter Settings                                                  ; On                 ; On                 ;
; Report Source Assignments                                                  ; On                 ; On                 ;
; Report Connectivity Checks                                                 ; On                 ; On                 ;
; Ignore Maximum Fan-Out Assignments                                         ; Off                ; Off                ;
; Synchronization Register Chain Length                                      ; 2                  ; 2                  ;
; PowerPlay Power Optimization During Synthesis                              ; Normal compilation ; Normal compilation ;
; HDL message level                                                          ; Level2             ; Level2             ;
; Suppress Register Optimization Related Messages                            ; Off                ; Off                ;
; Number of Removed Registers Reported in Synthesis Report                   ; 5000               ; 5000               ;
; Number of Swept Nodes Reported in Synthesis Report                         ; 5000               ; 5000               ;
; Number of Inverted Registers Reported in Synthesis Report                  ; 100                ; 100                ;
; Clock MUX Protection                                                       ; On                 ; On                 ;
; Auto Gated Clock Conversion                                                ; Off                ; Off                ;
; Block Design Naming                                                        ; Auto               ; Auto               ;
; SDC constraint protection                                                  ; Off                ; Off                ;
; Synthesis Effort                                                           ; Auto               ; Auto               ;
; Shift Register Replacement - Allow Asynchronous Clear Signal               ; On                 ; On                 ;
; Pre-Mapping Resynthesis Optimization                                       ; Off                ; Off                ;
; Analysis & Synthesis Message Level                                         ; Medium             ; Medium             ;
; Disable Register Merging Across Hierarchies                                ; Auto               ; Auto               ;
; Resource Aware Inference For Block RAM                                     ; On                 ; On                 ;
+----------------------------------------------------------------------------+--------------------+--------------------+


+------------------------------------------+
; Parallel Compilation                     ;
+----------------------------+-------------+
; Processors                 ; Number      ;
+----------------------------+-------------+
; Number detected on machine ; 2           ;
; Maximum allowed            ; 2           ;
;                            ;             ;
; Average used               ; 1.00        ;
; Maximum used               ; 2           ;
;                            ;             ;
; Usage by Processor         ; % Time Used ;
;     Processor 1            ; 100.0%      ;
;     Processor 2            ;   0.0%      ;
+----------------------------+-------------+


+----------------------------------------------------------------------------------------------------------------------------------------------------------------------+
; Analysis & Synthesis Source Files Read                                                                                                                               ;
+----------------------------------+-----------------+------------------------------+------------------------------------------------------------------------+---------+
; File Name with User-Entered Path ; Used in Netlist ; File Type                    ; File Name with Absolute Path                                           ; Library ;
+----------------------------------+-----------------+------------------------------+------------------------------------------------------------------------+---------+
; ../clk_div.vhd                   ; yes             ; User VHDL File               ; C:/Users/uninorte/Documents/FIR_10/clk_div.vhd                         ;         ;
; ../MAC.vhd                       ; yes             ; User VHDL File               ; C:/Users/uninorte/Documents/FIR_10/MAC.vhd                             ;         ;
; ../sieteseg.vhd                  ; yes             ; User VHDL File               ; C:/Users/uninorte/Documents/FIR_10/sieteseg.vhd                        ;         ;
; ../REG.vhd                       ; yes             ; User VHDL File               ; C:/Users/uninorte/Documents/FIR_10/REG.vhd                             ;         ;
; ../FSM.vhd                       ; yes             ; User VHDL File               ; C:/Users/uninorte/Documents/FIR_10/FSM.vhd                             ;         ;
; ../FIR_package.vhd               ; yes             ; User VHDL File               ; C:/Users/uninorte/Documents/FIR_10/FIR_package.vhd                     ;         ;
; ../FIR_10.vhd                    ; yes             ; User VHDL File               ; C:/Users/uninorte/Documents/FIR_10/FIR_10.vhd                          ;         ;
; ../Data_Gen.vhd                  ; yes             ; User VHDL File               ; C:/Users/uninorte/Documents/FIR_10/Data_Gen.vhd                        ;         ;
; ../clk_div_mac.vhd               ; yes             ; User VHDL File               ; C:/Users/uninorte/Documents/FIR_10/clk_div_mac.vhd                     ;         ;
; ../bcd27seg.vhd                  ; yes             ; User VHDL File               ; C:/Users/uninorte/Documents/FIR_10/bcd27seg.vhd                        ;         ;
; fsm_test.vhd                     ; yes             ; User VHDL File               ; C:/Users/uninorte/Documents/FIR_10/FSM_test/fsm_test.vhd               ;         ;
; lpm_mult.tdf                     ; yes             ; Megafunction                 ; c:/intelfpga_lite/17.0/quartus/libraries/megafunctions/lpm_mult.tdf    ;         ;
; aglobal170.inc                   ; yes             ; Megafunction                 ; c:/intelfpga_lite/17.0/quartus/libraries/megafunctions/aglobal170.inc  ;         ;
; lpm_add_sub.inc                  ; yes             ; Megafunction                 ; c:/intelfpga_lite/17.0/quartus/libraries/megafunctions/lpm_add_sub.inc ;         ;
; multcore.inc                     ; yes             ; Megafunction                 ; c:/intelfpga_lite/17.0/quartus/libraries/megafunctions/multcore.inc    ;         ;
; bypassff.inc                     ; yes             ; Megafunction                 ; c:/intelfpga_lite/17.0/quartus/libraries/megafunctions/bypassff.inc    ;         ;
; altshift.inc                     ; yes             ; Megafunction                 ; c:/intelfpga_lite/17.0/quartus/libraries/megafunctions/altshift.inc    ;         ;
; db/mult_e4t.tdf                  ; yes             ; Auto-Generated Megafunction  ; C:/Users/uninorte/Documents/FIR_10/FSM_test/db/mult_e4t.tdf            ;         ;
+----------------------------------+-----------------+------------------------------+------------------------------------------------------------------------+---------+


+-----------------------------------------------------------+
; Analysis & Synthesis Resource Usage Summary               ;
+---------------------------------------------+-------------+
; Resource                                    ; Usage       ;
+---------------------------------------------+-------------+
; Estimated Total logic elements              ; 294         ;
;                                             ;             ;
; Total combinational functions               ; 242         ;
; Logic element usage by number of LUT inputs ;             ;
;     -- 4 input functions                    ; 118         ;
;     -- 3 input functions                    ; 75          ;
;     -- <=2 input functions                  ; 49          ;
;                                             ;             ;
; Logic elements by mode                      ;             ;
;     -- normal mode                          ; 189         ;
;     -- arithmetic mode                      ; 53          ;
;                                             ;             ;
; Total registers                             ; 152         ;
;     -- Dedicated logic registers            ; 152         ;
;     -- I/O registers                        ; 0           ;
;                                             ;             ;
; I/O pins                                    ; 60          ;
;                                             ;             ;
; Embedded Multiplier 9-bit elements          ; 2           ;
;                                             ;             ;
; Maximum fan-out node                        ; RESET~input ;
; Maximum fan-out                             ; 153         ;
; Total fan-out                               ; 1494        ;
; Average fan-out                             ; 2.90        ;
+---------------------------------------------+-------------+


+----------------------------------------------------------------------------------------------------------------------------------------------------------------------------------------------------------------------------------------------------------------------------+
; Analysis & Synthesis Resource Utilization by Entity                                                                                                                                                                                                                        ;
+---------------------------------------+---------------------+---------------------------+-------------+--------------+---------+-----------+------+--------------+----------------------------------------------------------------------------+-------------+--------------+
; Compilation Hierarchy Node            ; Combinational ALUTs ; Dedicated Logic Registers ; Memory Bits ; DSP Elements ; DSP 9x9 ; DSP 18x18 ; Pins ; Virtual Pins ; Full Hierarchy Name                                                        ; Entity Name ; Library Name ;
+---------------------------------------+---------------------+---------------------------+-------------+--------------+---------+-----------+------+--------------+----------------------------------------------------------------------------+-------------+--------------+
; |fsm_test                             ; 242 (0)             ; 152 (0)                   ; 0           ; 2            ; 0       ; 1         ; 60   ; 0            ; |fsm_test                                                                  ; fsm_test    ; work         ;
;    |Data_Gen:U0|                      ; 9 (9)               ; 5 (5)                     ; 0           ; 0            ; 0       ; 0         ; 0    ; 0            ; |fsm_test|Data_Gen:U0                                                      ; Data_Gen    ; work         ;
;    |FIR_10:U1|                        ; 138 (0)             ; 123 (0)                   ; 0           ; 2            ; 0       ; 1         ; 0    ; 0            ; |fsm_test|FIR_10:U1                                                        ; FIR_10      ; work         ;
;       |FSM:FSM_PROCESS|               ; 52 (52)             ; 14 (14)                   ; 0           ; 0            ; 0       ; 0         ; 0    ; 0            ; |fsm_test|FIR_10:U1|FSM:FSM_PROCESS                                        ; FSM         ; work         ;
;       |MAC:MAC_PROCESS|               ; 32 (32)             ; 32 (32)                   ; 0           ; 2            ; 0       ; 1         ; 0    ; 0            ; |fsm_test|FIR_10:U1|MAC:MAC_PROCESS                                        ; MAC         ; work         ;
;          |lpm_mult:Mult0|             ; 0 (0)               ; 0 (0)                     ; 0           ; 2            ; 0       ; 1         ; 0    ; 0            ; |fsm_test|FIR_10:U1|MAC:MAC_PROCESS|lpm_mult:Mult0                         ; lpm_mult    ; work         ;
;             |mult_e4t:auto_generated| ; 0 (0)               ; 0 (0)                     ; 0           ; 2            ; 0       ; 1         ; 0    ; 0            ; |fsm_test|FIR_10:U1|MAC:MAC_PROCESS|lpm_mult:Mult0|mult_e4t:auto_generated ; mult_e4t    ; work         ;
;       |REG:REG0|                      ; 49 (49)             ; 72 (72)                   ; 0           ; 0            ; 0       ; 0         ; 0    ; 0            ; |fsm_test|FIR_10:U1|REG:REG0                                               ; REG         ; work         ;
;       |clk_div:CLK_D|                 ; 5 (5)               ; 5 (5)                     ; 0           ; 0            ; 0       ; 0         ; 0    ; 0            ; |fsm_test|FIR_10:U1|clk_div:CLK_D                                          ; clk_div     ; work         ;
;    |clk_div_mac:CLOCK_MAC|            ; 39 (39)             ; 24 (24)                   ; 0           ; 0            ; 0       ; 0         ; 0    ; 0            ; |fsm_test|clk_div_mac:CLOCK_MAC                                            ; clk_div_mac ; work         ;
;    |sieteseg:HEX|                     ; 56 (0)              ; 0 (0)                     ; 0           ; 0            ; 0       ; 0         ; 0    ; 0            ; |fsm_test|sieteseg:HEX                                                     ; sieteseg    ; work         ;
;       |bcd27seg:D0|                   ; 7 (7)               ; 0 (0)                     ; 0           ; 0            ; 0       ; 0         ; 0    ; 0            ; |fsm_test|sieteseg:HEX|bcd27seg:D0                                         ; bcd27seg    ; work         ;
;       |bcd27seg:D1|                   ; 7 (7)               ; 0 (0)                     ; 0           ; 0            ; 0       ; 0         ; 0    ; 0            ; |fsm_test|sieteseg:HEX|bcd27seg:D1                                         ; bcd27seg    ; work         ;
;       |bcd27seg:D2|                   ; 7 (7)               ; 0 (0)                     ; 0           ; 0            ; 0       ; 0         ; 0    ; 0            ; |fsm_test|sieteseg:HEX|bcd27seg:D2                                         ; bcd27seg    ; work         ;
;       |bcd27seg:D3|                   ; 7 (7)               ; 0 (0)                     ; 0           ; 0            ; 0       ; 0         ; 0    ; 0            ; |fsm_test|sieteseg:HEX|bcd27seg:D3                                         ; bcd27seg    ; work         ;
;       |bcd27seg:D4|                   ; 7 (7)               ; 0 (0)                     ; 0           ; 0            ; 0       ; 0         ; 0    ; 0            ; |fsm_test|sieteseg:HEX|bcd27seg:D4                                         ; bcd27seg    ; work         ;
;       |bcd27seg:D5|                   ; 7 (7)               ; 0 (0)                     ; 0           ; 0            ; 0       ; 0         ; 0    ; 0            ; |fsm_test|sieteseg:HEX|bcd27seg:D5                                         ; bcd27seg    ; work         ;
;       |bcd27seg:D6|                   ; 7 (7)               ; 0 (0)                     ; 0           ; 0            ; 0       ; 0         ; 0    ; 0            ; |fsm_test|sieteseg:HEX|bcd27seg:D6                                         ; bcd27seg    ; work         ;
;       |bcd27seg:D7|                   ; 7 (7)               ; 0 (0)                     ; 0           ; 0            ; 0       ; 0         ; 0    ; 0            ; |fsm_test|sieteseg:HEX|bcd27seg:D7                                         ; bcd27seg    ; work         ;
+---------------------------------------+---------------------+---------------------------+-------------+--------------+---------+-----------+------+--------------+----------------------------------------------------------------------------+-------------+--------------+
Note: For table entries with two numbers listed, the numbers in parentheses indicate the number of resources of the given type used by the specific entity alone. The numbers listed outside of parentheses indicate the total resources of the given type used by the specific entity and all of its sub-entities in the hierarchy.


+-----------------------------------------------------+
; Analysis & Synthesis DSP Block Usage Summary        ;
+---------------------------------------+-------------+
; Statistic                             ; Number Used ;
+---------------------------------------+-------------+
; Simple Multipliers (9-bit)            ; 0           ;
; Simple Multipliers (18-bit)           ; 1           ;
; Embedded Multiplier Blocks            ; --          ;
; Embedded Multiplier 9-bit elements    ; 2           ;
; Signed Embedded Multipliers           ; 1           ;
; Unsigned Embedded Multipliers         ; 0           ;
; Mixed Sign Embedded Multipliers       ; 0           ;
; Variable Sign Embedded Multipliers    ; 0           ;
; Dedicated Input Shift Register Chains ; 0           ;
+---------------------------------------+-------------+
Note: number of Embedded Multiplier Blocks used is only available after a successful fit.


Encoding Type:  One-Hot
+-----------------------------------------------------------------------------------------------------------------------------------------------------+
; State Machine - |fsm_test|FIR_10:U1|FSM:FSM_PROCESS|state                                                                                           ;
+---------+---------+---------+---------+---------+---------+---------+---------+---------+---------+---------+---------+---------+---------+---------+
; Name    ; state.N ; state.M ; state.L ; state.K ; state.J ; state.I ; state.H ; state.G ; state.F ; state.E ; state.D ; state.C ; state.B ; state.A ;
+---------+---------+---------+---------+---------+---------+---------+---------+---------+---------+---------+---------+---------+---------+---------+
; state.A ; 0       ; 0       ; 0       ; 0       ; 0       ; 0       ; 0       ; 0       ; 0       ; 0       ; 0       ; 0       ; 0       ; 0       ;
; state.B ; 0       ; 0       ; 0       ; 0       ; 0       ; 0       ; 0       ; 0       ; 0       ; 0       ; 0       ; 0       ; 1       ; 1       ;
; state.C ; 0       ; 0       ; 0       ; 0       ; 0       ; 0       ; 0       ; 0       ; 0       ; 0       ; 0       ; 1       ; 0       ; 1       ;
; state.D ; 0       ; 0       ; 0       ; 0       ; 0       ; 0       ; 0       ; 0       ; 0       ; 0       ; 1       ; 0       ; 0       ; 1       ;
; state.E ; 0       ; 0       ; 0       ; 0       ; 0       ; 0       ; 0       ; 0       ; 0       ; 1       ; 0       ; 0       ; 0       ; 1       ;
; state.F ; 0       ; 0       ; 0       ; 0       ; 0       ; 0       ; 0       ; 0       ; 1       ; 0       ; 0       ; 0       ; 0       ; 1       ;
; state.G ; 0       ; 0       ; 0       ; 0       ; 0       ; 0       ; 0       ; 1       ; 0       ; 0       ; 0       ; 0       ; 0       ; 1       ;
; state.H ; 0       ; 0       ; 0       ; 0       ; 0       ; 0       ; 1       ; 0       ; 0       ; 0       ; 0       ; 0       ; 0       ; 1       ;
; state.I ; 0       ; 0       ; 0       ; 0       ; 0       ; 1       ; 0       ; 0       ; 0       ; 0       ; 0       ; 0       ; 0       ; 1       ;
; state.J ; 0       ; 0       ; 0       ; 0       ; 1       ; 0       ; 0       ; 0       ; 0       ; 0       ; 0       ; 0       ; 0       ; 1       ;
; state.K ; 0       ; 0       ; 0       ; 1       ; 0       ; 0       ; 0       ; 0       ; 0       ; 0       ; 0       ; 0       ; 0       ; 1       ;
; state.L ; 0       ; 0       ; 1       ; 0       ; 0       ; 0       ; 0       ; 0       ; 0       ; 0       ; 0       ; 0       ; 0       ; 1       ;
; state.M ; 0       ; 1       ; 0       ; 0       ; 0       ; 0       ; 0       ; 0       ; 0       ; 0       ; 0       ; 0       ; 0       ; 1       ;
; state.N ; 1       ; 0       ; 0       ; 0       ; 0       ; 0       ; 0       ; 0       ; 0       ; 0       ; 0       ; 0       ; 0       ; 1       ;
+---------+---------+---------+---------+---------+---------+---------+---------+---------+---------+---------+---------+---------+---------+---------+


+------------------------------------------------------------------------------------------------------------------+
; User-Specified and Inferred Latches                                                                              ;
+-----------------------------------------------------+-----------------------------------+------------------------+
; Latch Name                                          ; Latch Enable Signal               ; Free of Timing Hazards ;
+-----------------------------------------------------+-----------------------------------+------------------------+
; FIR_10:U1|FSM:FSM_PROCESS|data_out[0]               ; FIR_10:U1|FSM:FSM_PROCESS|state.M ; yes                    ;
; FIR_10:U1|FSM:FSM_PROCESS|data_out[1]               ; FIR_10:U1|FSM:FSM_PROCESS|state.M ; yes                    ;
; FIR_10:U1|FSM:FSM_PROCESS|data_out[2]               ; FIR_10:U1|FSM:FSM_PROCESS|state.M ; yes                    ;
; FIR_10:U1|FSM:FSM_PROCESS|data_out[3]               ; FIR_10:U1|FSM:FSM_PROCESS|state.M ; yes                    ;
; FIR_10:U1|FSM:FSM_PROCESS|data_out[4]               ; FIR_10:U1|FSM:FSM_PROCESS|state.M ; yes                    ;
; FIR_10:U1|FSM:FSM_PROCESS|data_out[5]               ; FIR_10:U1|FSM:FSM_PROCESS|state.M ; yes                    ;
; FIR_10:U1|FSM:FSM_PROCESS|data_out[6]               ; FIR_10:U1|FSM:FSM_PROCESS|state.M ; yes                    ;
; FIR_10:U1|FSM:FSM_PROCESS|data_out[7]               ; FIR_10:U1|FSM:FSM_PROCESS|state.M ; yes                    ;
; FIR_10:U1|FSM:FSM_PROCESS|data_out[8]               ; FIR_10:U1|FSM:FSM_PROCESS|state.M ; yes                    ;
; FIR_10:U1|FSM:FSM_PROCESS|data_out[9]               ; FIR_10:U1|FSM:FSM_PROCESS|state.M ; yes                    ;
; FIR_10:U1|FSM:FSM_PROCESS|data_out[10]              ; FIR_10:U1|FSM:FSM_PROCESS|state.M ; yes                    ;
; FIR_10:U1|FSM:FSM_PROCESS|data_out[11]              ; FIR_10:U1|FSM:FSM_PROCESS|state.M ; yes                    ;
; FIR_10:U1|FSM:FSM_PROCESS|data_out[12]              ; FIR_10:U1|FSM:FSM_PROCESS|state.M ; yes                    ;
; FIR_10:U1|FSM:FSM_PROCESS|data_out[13]              ; FIR_10:U1|FSM:FSM_PROCESS|state.M ; yes                    ;
; FIR_10:U1|FSM:FSM_PROCESS|data_out[14]              ; FIR_10:U1|FSM:FSM_PROCESS|state.M ; yes                    ;
; FIR_10:U1|FSM:FSM_PROCESS|data_out[15]              ; FIR_10:U1|FSM:FSM_PROCESS|state.M ; yes                    ;
; FIR_10:U1|FSM:FSM_PROCESS|data_out[16]              ; FIR_10:U1|FSM:FSM_PROCESS|state.M ; yes                    ;
; FIR_10:U1|FSM:FSM_PROCESS|data_out[17]              ; FIR_10:U1|FSM:FSM_PROCESS|state.M ; yes                    ;
; FIR_10:U1|FSM:FSM_PROCESS|data_out[18]              ; FIR_10:U1|FSM:FSM_PROCESS|state.M ; yes                    ;
; FIR_10:U1|FSM:FSM_PROCESS|data_out[19]              ; FIR_10:U1|FSM:FSM_PROCESS|state.M ; yes                    ;
; FIR_10:U1|FSM:FSM_PROCESS|data_out[20]              ; FIR_10:U1|FSM:FSM_PROCESS|state.M ; yes                    ;
; FIR_10:U1|FSM:FSM_PROCESS|data_out[21]              ; FIR_10:U1|FSM:FSM_PROCESS|state.M ; yes                    ;
; FIR_10:U1|FSM:FSM_PROCESS|data_out[22]              ; FIR_10:U1|FSM:FSM_PROCESS|state.M ; yes                    ;
; FIR_10:U1|FSM:FSM_PROCESS|data_out[23]              ; FIR_10:U1|FSM:FSM_PROCESS|state.M ; yes                    ;
; FIR_10:U1|FSM:FSM_PROCESS|data_out[24]              ; FIR_10:U1|FSM:FSM_PROCESS|state.M ; yes                    ;
; FIR_10:U1|FSM:FSM_PROCESS|data_out[25]              ; FIR_10:U1|FSM:FSM_PROCESS|state.M ; yes                    ;
; FIR_10:U1|FSM:FSM_PROCESS|data_out[26]              ; FIR_10:U1|FSM:FSM_PROCESS|state.M ; yes                    ;
; FIR_10:U1|FSM:FSM_PROCESS|data_out[27]              ; FIR_10:U1|FSM:FSM_PROCESS|state.M ; yes                    ;
; FIR_10:U1|FSM:FSM_PROCESS|data_out[28]              ; FIR_10:U1|FSM:FSM_PROCESS|state.M ; yes                    ;
; FIR_10:U1|FSM:FSM_PROCESS|data_out[29]              ; FIR_10:U1|FSM:FSM_PROCESS|state.M ; yes                    ;
; FIR_10:U1|FSM:FSM_PROCESS|data_out[30]              ; FIR_10:U1|FSM:FSM_PROCESS|state.M ; yes                    ;
; FIR_10:U1|FSM:FSM_PROCESS|data_out[31]              ; FIR_10:U1|FSM:FSM_PROCESS|state.M ; yes                    ;
; Number of user-specified and inferred latches = 32  ;                                   ;                        ;
+-----------------------------------------------------+-----------------------------------+------------------------+
Note: All latches listed above may not be present at the end of synthesis due to various synthesis optimizations.


+------------------------------------------------------------------------------------+
; Registers Removed During Synthesis                                                 ;
+-----------------------------------------+------------------------------------------+
; Register name                           ; Reason for Removal                       ;
+-----------------------------------------+------------------------------------------+
; FIR_10:U1|REG:REG0|mem[0][15]           ; Stuck at GND due to stuck port data_in   ;
; FIR_10:U1|REG:REG0|mem[0][14]           ; Stuck at GND due to stuck port data_in   ;
; FIR_10:U1|REG:REG0|mem[0][13]           ; Stuck at GND due to stuck port data_in   ;
; FIR_10:U1|REG:REG0|mem[0][12]           ; Stuck at GND due to stuck port data_in   ;
; FIR_10:U1|REG:REG0|mem[0][11]           ; Stuck at GND due to stuck port data_in   ;
; FIR_10:U1|REG:REG0|mem[0][10]           ; Stuck at GND due to stuck port data_in   ;
; FIR_10:U1|REG:REG0|mem[0][9]            ; Stuck at GND due to stuck port data_in   ;
; FIR_10:U1|REG:REG0|mem[0][8]            ; Stuck at GND due to stuck port data_in   ;
; FIR_10:U1|REG:REG0|mem[0][7]            ; Stuck at GND due to stuck port data_in   ;
; FIR_10:U1|REG:REG0|mem[0][6]            ; Stuck at GND due to stuck port data_in   ;
; FIR_10:U1|REG:REG0|mem[0][5]            ; Stuck at GND due to stuck port data_in   ;
; FIR_10:U1|REG:REG0|mem[1][15]           ; Stuck at GND due to stuck port data_in   ;
; FIR_10:U1|REG:REG0|mem[1][14]           ; Stuck at GND due to stuck port data_in   ;
; FIR_10:U1|REG:REG0|mem[1][13]           ; Stuck at GND due to stuck port data_in   ;
; FIR_10:U1|REG:REG0|mem[1][12]           ; Stuck at GND due to stuck port data_in   ;
; FIR_10:U1|REG:REG0|mem[1][11]           ; Stuck at GND due to stuck port data_in   ;
; FIR_10:U1|REG:REG0|mem[1][10]           ; Stuck at GND due to stuck port data_in   ;
; FIR_10:U1|REG:REG0|mem[1][9]            ; Stuck at GND due to stuck port data_in   ;
; FIR_10:U1|REG:REG0|mem[1][8]            ; Stuck at GND due to stuck port data_in   ;
; FIR_10:U1|REG:REG0|mem[1][7]            ; Stuck at GND due to stuck port data_in   ;
; FIR_10:U1|REG:REG0|mem[1][6]            ; Stuck at GND due to stuck port data_in   ;
; FIR_10:U1|REG:REG0|mem[1][5]            ; Stuck at GND due to stuck port data_in   ;
; FIR_10:U1|REG:REG0|mem[2][15]           ; Stuck at GND due to stuck port data_in   ;
; FIR_10:U1|REG:REG0|mem[2][14]           ; Stuck at GND due to stuck port data_in   ;
; FIR_10:U1|REG:REG0|mem[2][13]           ; Stuck at GND due to stuck port data_in   ;
; FIR_10:U1|REG:REG0|mem[2][12]           ; Stuck at GND due to stuck port data_in   ;
; FIR_10:U1|REG:REG0|mem[2][11]           ; Stuck at GND due to stuck port data_in   ;
; FIR_10:U1|REG:REG0|mem[2][10]           ; Stuck at GND due to stuck port data_in   ;
; FIR_10:U1|REG:REG0|mem[2][9]            ; Stuck at GND due to stuck port data_in   ;
; FIR_10:U1|REG:REG0|mem[2][8]            ; Stuck at GND due to stuck port data_in   ;
; FIR_10:U1|REG:REG0|mem[2][7]            ; Stuck at GND due to stuck port data_in   ;
; FIR_10:U1|REG:REG0|mem[2][6]            ; Stuck at GND due to stuck port data_in   ;
; FIR_10:U1|REG:REG0|mem[2][5]            ; Stuck at GND due to stuck port data_in   ;
; FIR_10:U1|REG:REG0|mem[3][15]           ; Stuck at GND due to stuck port data_in   ;
; FIR_10:U1|REG:REG0|mem[3][14]           ; Stuck at GND due to stuck port data_in   ;
; FIR_10:U1|REG:REG0|mem[3][13]           ; Stuck at GND due to stuck port data_in   ;
; FIR_10:U1|REG:REG0|mem[3][12]           ; Stuck at GND due to stuck port data_in   ;
; FIR_10:U1|REG:REG0|mem[3][11]           ; Stuck at GND due to stuck port data_in   ;
; FIR_10:U1|REG:REG0|mem[3][10]           ; Stuck at GND due to stuck port data_in   ;
; FIR_10:U1|REG:REG0|mem[3][9]            ; Stuck at GND due to stuck port data_in   ;
; FIR_10:U1|REG:REG0|mem[3][8]            ; Stuck at GND due to stuck port data_in   ;
; FIR_10:U1|REG:REG0|mem[3][7]            ; Stuck at GND due to stuck port data_in   ;
; FIR_10:U1|REG:REG0|mem[3][6]            ; Stuck at GND due to stuck port data_in   ;
; FIR_10:U1|REG:REG0|mem[3][5]            ; Stuck at GND due to stuck port data_in   ;
; FIR_10:U1|REG:REG0|mem[4][15]           ; Stuck at GND due to stuck port data_in   ;
; FIR_10:U1|REG:REG0|mem[4][14]           ; Stuck at GND due to stuck port data_in   ;
; FIR_10:U1|REG:REG0|mem[4][13]           ; Stuck at GND due to stuck port data_in   ;
; FIR_10:U1|REG:REG0|mem[4][12]           ; Stuck at GND due to stuck port data_in   ;
; FIR_10:U1|REG:REG0|mem[4][11]           ; Stuck at GND due to stuck port data_in   ;
; FIR_10:U1|REG:REG0|mem[4][10]           ; Stuck at GND due to stuck port data_in   ;
; FIR_10:U1|REG:REG0|mem[4][9]            ; Stuck at GND due to stuck port data_in   ;
; FIR_10:U1|REG:REG0|mem[4][8]            ; Stuck at GND due to stuck port data_in   ;
; FIR_10:U1|REG:REG0|mem[4][7]            ; Stuck at GND due to stuck port data_in   ;
; FIR_10:U1|REG:REG0|mem[4][6]            ; Stuck at GND due to stuck port data_in   ;
; FIR_10:U1|REG:REG0|mem[4][5]            ; Stuck at GND due to stuck port data_in   ;
; FIR_10:U1|REG:REG0|mem[5][15]           ; Stuck at GND due to stuck port data_in   ;
; FIR_10:U1|REG:REG0|mem[5][14]           ; Stuck at GND due to stuck port data_in   ;
; FIR_10:U1|REG:REG0|mem[5][13]           ; Stuck at GND due to stuck port data_in   ;
; FIR_10:U1|REG:REG0|mem[5][12]           ; Stuck at GND due to stuck port data_in   ;
; FIR_10:U1|REG:REG0|mem[5][11]           ; Stuck at GND due to stuck port data_in   ;
; FIR_10:U1|REG:REG0|mem[5][10]           ; Stuck at GND due to stuck port data_in   ;
; FIR_10:U1|REG:REG0|mem[5][9]            ; Stuck at GND due to stuck port data_in   ;
; FIR_10:U1|REG:REG0|mem[5][8]            ; Stuck at GND due to stuck port data_in   ;
; FIR_10:U1|REG:REG0|mem[5][7]            ; Stuck at GND due to stuck port data_in   ;
; FIR_10:U1|REG:REG0|mem[5][6]            ; Stuck at GND due to stuck port data_in   ;
; FIR_10:U1|REG:REG0|mem[5][5]            ; Stuck at GND due to stuck port data_in   ;
; FIR_10:U1|REG:REG0|mem[6][15]           ; Stuck at GND due to stuck port data_in   ;
; FIR_10:U1|REG:REG0|mem[6][14]           ; Stuck at GND due to stuck port data_in   ;
; FIR_10:U1|REG:REG0|mem[6][13]           ; Stuck at GND due to stuck port data_in   ;
; FIR_10:U1|REG:REG0|mem[6][12]           ; Stuck at GND due to stuck port data_in   ;
; FIR_10:U1|REG:REG0|mem[6][11]           ; Stuck at GND due to stuck port data_in   ;
; FIR_10:U1|REG:REG0|mem[6][10]           ; Stuck at GND due to stuck port data_in   ;
; FIR_10:U1|REG:REG0|mem[6][9]            ; Stuck at GND due to stuck port data_in   ;
; FIR_10:U1|REG:REG0|mem[6][8]            ; Stuck at GND due to stuck port data_in   ;
; FIR_10:U1|REG:REG0|mem[6][7]            ; Stuck at GND due to stuck port data_in   ;
; FIR_10:U1|REG:REG0|mem[6][6]            ; Stuck at GND due to stuck port data_in   ;
; FIR_10:U1|REG:REG0|mem[6][5]            ; Stuck at GND due to stuck port data_in   ;
; FIR_10:U1|REG:REG0|mem[7][15]           ; Stuck at GND due to stuck port data_in   ;
; FIR_10:U1|REG:REG0|mem[7][14]           ; Stuck at GND due to stuck port data_in   ;
; FIR_10:U1|REG:REG0|mem[7][13]           ; Stuck at GND due to stuck port data_in   ;
; FIR_10:U1|REG:REG0|mem[7][12]           ; Stuck at GND due to stuck port data_in   ;
; FIR_10:U1|REG:REG0|mem[7][11]           ; Stuck at GND due to stuck port data_in   ;
; FIR_10:U1|REG:REG0|mem[7][10]           ; Stuck at GND due to stuck port data_in   ;
; FIR_10:U1|REG:REG0|mem[7][9]            ; Stuck at GND due to stuck port data_in   ;
; FIR_10:U1|REG:REG0|mem[7][8]            ; Stuck at GND due to stuck port data_in   ;
; FIR_10:U1|REG:REG0|mem[7][7]            ; Stuck at GND due to stuck port data_in   ;
; FIR_10:U1|REG:REG0|mem[7][6]            ; Stuck at GND due to stuck port data_in   ;
; FIR_10:U1|REG:REG0|mem[7][5]            ; Stuck at GND due to stuck port data_in   ;
; FIR_10:U1|REG:REG0|mem[8][15]           ; Stuck at GND due to stuck port data_in   ;
; FIR_10:U1|REG:REG0|mem[8][14]           ; Stuck at GND due to stuck port data_in   ;
; FIR_10:U1|REG:REG0|mem[8][13]           ; Stuck at GND due to stuck port data_in   ;
; FIR_10:U1|REG:REG0|mem[8][12]           ; Stuck at GND due to stuck port data_in   ;
; FIR_10:U1|REG:REG0|mem[8][11]           ; Stuck at GND due to stuck port data_in   ;
; FIR_10:U1|REG:REG0|mem[8][10]           ; Stuck at GND due to stuck port data_in   ;
; FIR_10:U1|REG:REG0|mem[8][9]            ; Stuck at GND due to stuck port data_in   ;
; FIR_10:U1|REG:REG0|mem[8][8]            ; Stuck at GND due to stuck port data_in   ;
; FIR_10:U1|REG:REG0|mem[8][7]            ; Stuck at GND due to stuck port data_in   ;
; FIR_10:U1|REG:REG0|mem[8][6]            ; Stuck at GND due to stuck port data_in   ;
; FIR_10:U1|REG:REG0|mem[8][5]            ; Stuck at GND due to stuck port data_in   ;
; FIR_10:U1|REG:REG0|mem[9][15]           ; Stuck at GND due to stuck port data_in   ;
; FIR_10:U1|REG:REG0|mem[9][14]           ; Stuck at GND due to stuck port data_in   ;
; FIR_10:U1|REG:REG0|mem[9][13]           ; Stuck at GND due to stuck port data_in   ;
; FIR_10:U1|REG:REG0|mem[9][12]           ; Stuck at GND due to stuck port data_in   ;
; FIR_10:U1|REG:REG0|mem[9][11]           ; Stuck at GND due to stuck port data_in   ;
; FIR_10:U1|REG:REG0|mem[9][10]           ; Stuck at GND due to stuck port data_in   ;
; FIR_10:U1|REG:REG0|mem[9][9]            ; Stuck at GND due to stuck port data_in   ;
; FIR_10:U1|REG:REG0|mem[9][8]            ; Stuck at GND due to stuck port data_in   ;
; FIR_10:U1|REG:REG0|mem[9][7]            ; Stuck at GND due to stuck port data_in   ;
; FIR_10:U1|REG:REG0|mem[9][6]            ; Stuck at GND due to stuck port data_in   ;
; FIR_10:U1|REG:REG0|mem[9][5]            ; Stuck at GND due to stuck port data_in   ;
; FIR_10:U1|REG:REG0|mem[10][15]          ; Stuck at GND due to stuck port data_in   ;
; FIR_10:U1|REG:REG0|mem[10][14]          ; Stuck at GND due to stuck port data_in   ;
; FIR_10:U1|REG:REG0|mem[10][13]          ; Stuck at GND due to stuck port data_in   ;
; FIR_10:U1|REG:REG0|mem[10][12]          ; Stuck at GND due to stuck port data_in   ;
; FIR_10:U1|REG:REG0|mem[10][11]          ; Stuck at GND due to stuck port data_in   ;
; FIR_10:U1|REG:REG0|mem[10][10]          ; Stuck at GND due to stuck port data_in   ;
; FIR_10:U1|REG:REG0|mem[10][9]           ; Stuck at GND due to stuck port data_in   ;
; FIR_10:U1|REG:REG0|mem[10][8]           ; Stuck at GND due to stuck port data_in   ;
; FIR_10:U1|REG:REG0|mem[10][7]           ; Stuck at GND due to stuck port data_in   ;
; FIR_10:U1|REG:REG0|mem[10][6]           ; Stuck at GND due to stuck port data_in   ;
; FIR_10:U1|REG:REG0|mem[10][5]           ; Stuck at GND due to stuck port data_in   ;
; FIR_10:U1|REG:REG0|c_out[6,14,15]       ; Merged with FIR_10:U1|REG:REG0|c_out[13] ;
; FIR_10:U1|REG:REG0|c_out[7]             ; Merged with FIR_10:U1|REG:REG0|c_out[12] ;
; FIR_10:U1|REG:REG0|x_out[5..15]         ; Stuck at GND due to stuck port data_in   ;
; Total Number of Removed Registers = 136 ;                                          ;
+-----------------------------------------+------------------------------------------+


+----------------------------------------------------------------------------------------------------------------------------+
; Removed Registers Triggering Further Register Optimizations                                                                ;
+-------------------------------+---------------------------+----------------------------------------------------------------+
; Register name                 ; Reason for Removal        ; Registers Removed due to This Register                         ;
+-------------------------------+---------------------------+----------------------------------------------------------------+
; FIR_10:U1|REG:REG0|mem[0][15] ; Stuck at GND              ; FIR_10:U1|REG:REG0|mem[1][15], FIR_10:U1|REG:REG0|mem[2][15],  ;
;                               ; due to stuck port data_in ; FIR_10:U1|REG:REG0|mem[3][15], FIR_10:U1|REG:REG0|mem[4][15],  ;
;                               ;                           ; FIR_10:U1|REG:REG0|mem[5][15], FIR_10:U1|REG:REG0|mem[6][15],  ;
;                               ;                           ; FIR_10:U1|REG:REG0|mem[7][15], FIR_10:U1|REG:REG0|mem[8][15],  ;
;                               ;                           ; FIR_10:U1|REG:REG0|mem[9][15], FIR_10:U1|REG:REG0|mem[10][15], ;
;                               ;                           ; FIR_10:U1|REG:REG0|x_out[15]                                   ;
; FIR_10:U1|REG:REG0|mem[0][14] ; Stuck at GND              ; FIR_10:U1|REG:REG0|mem[1][14], FIR_10:U1|REG:REG0|mem[2][14],  ;
;                               ; due to stuck port data_in ; FIR_10:U1|REG:REG0|mem[3][14], FIR_10:U1|REG:REG0|mem[4][14],  ;
;                               ;                           ; FIR_10:U1|REG:REG0|mem[5][14], FIR_10:U1|REG:REG0|mem[6][14],  ;
;                               ;                           ; FIR_10:U1|REG:REG0|mem[7][14], FIR_10:U1|REG:REG0|mem[8][14],  ;
;                               ;                           ; FIR_10:U1|REG:REG0|mem[9][14], FIR_10:U1|REG:REG0|mem[10][14], ;
;                               ;                           ; FIR_10:U1|REG:REG0|x_out[14]                                   ;
; FIR_10:U1|REG:REG0|mem[0][13] ; Stuck at GND              ; FIR_10:U1|REG:REG0|mem[1][13], FIR_10:U1|REG:REG0|mem[2][13],  ;
;                               ; due to stuck port data_in ; FIR_10:U1|REG:REG0|mem[3][13], FIR_10:U1|REG:REG0|mem[4][13],  ;
;                               ;                           ; FIR_10:U1|REG:REG0|mem[5][13], FIR_10:U1|REG:REG0|mem[6][13],  ;
;                               ;                           ; FIR_10:U1|REG:REG0|mem[7][13], FIR_10:U1|REG:REG0|mem[8][13],  ;
;                               ;                           ; FIR_10:U1|REG:REG0|mem[9][13], FIR_10:U1|REG:REG0|mem[10][13], ;
;                               ;                           ; FIR_10:U1|REG:REG0|x_out[13]                                   ;
; FIR_10:U1|REG:REG0|mem[0][12] ; Stuck at GND              ; FIR_10:U1|REG:REG0|mem[1][12], FIR_10:U1|REG:REG0|mem[2][12],  ;
;                               ; due to stuck port data_in ; FIR_10:U1|REG:REG0|mem[3][12], FIR_10:U1|REG:REG0|mem[4][12],  ;
;                               ;                           ; FIR_10:U1|REG:REG0|mem[5][12], FIR_10:U1|REG:REG0|mem[6][12],  ;
;                               ;                           ; FIR_10:U1|REG:REG0|mem[7][12], FIR_10:U1|REG:REG0|mem[8][12],  ;
;                               ;                           ; FIR_10:U1|REG:REG0|mem[9][12], FIR_10:U1|REG:REG0|mem[10][12], ;
;                               ;                           ; FIR_10:U1|REG:REG0|x_out[12]                                   ;
; FIR_10:U1|REG:REG0|mem[0][11] ; Stuck at GND              ; FIR_10:U1|REG:REG0|mem[1][11], FIR_10:U1|REG:REG0|mem[2][11],  ;
;                               ; due to stuck port data_in ; FIR_10:U1|REG:REG0|mem[3][11], FIR_10:U1|REG:REG0|mem[4][11],  ;
;                               ;                           ; FIR_10:U1|REG:REG0|mem[5][11], FIR_10:U1|REG:REG0|mem[6][11],  ;
;                               ;                           ; FIR_10:U1|REG:REG0|mem[7][11], FIR_10:U1|REG:REG0|mem[8][11],  ;
;                               ;                           ; FIR_10:U1|REG:REG0|mem[9][11], FIR_10:U1|REG:REG0|mem[10][11], ;
;                               ;                           ; FIR_10:U1|REG:REG0|x_out[11]                                   ;
; FIR_10:U1|REG:REG0|mem[0][10] ; Stuck at GND              ; FIR_10:U1|REG:REG0|mem[1][10], FIR_10:U1|REG:REG0|mem[2][10],  ;
;                               ; due to stuck port data_in ; FIR_10:U1|REG:REG0|mem[3][10], FIR_10:U1|REG:REG0|mem[4][10],  ;
;                               ;                           ; FIR_10:U1|REG:REG0|mem[5][10], FIR_10:U1|REG:REG0|mem[6][10],  ;
;                               ;                           ; FIR_10:U1|REG:REG0|mem[7][10], FIR_10:U1|REG:REG0|mem[8][10],  ;
;                               ;                           ; FIR_10:U1|REG:REG0|mem[9][10], FIR_10:U1|REG:REG0|mem[10][10], ;
;                               ;                           ; FIR_10:U1|REG:REG0|x_out[10]                                   ;
; FIR_10:U1|REG:REG0|mem[0][9]  ; Stuck at GND              ; FIR_10:U1|REG:REG0|mem[1][9], FIR_10:U1|REG:REG0|mem[2][9],    ;
;                               ; due to stuck port data_in ; FIR_10:U1|REG:REG0|mem[3][9], FIR_10:U1|REG:REG0|mem[4][9],    ;
;                               ;                           ; FIR_10:U1|REG:REG0|mem[5][9], FIR_10:U1|REG:REG0|mem[6][9],    ;
;                               ;                           ; FIR_10:U1|REG:REG0|mem[7][9], FIR_10:U1|REG:REG0|mem[8][9],    ;
;                               ;                           ; FIR_10:U1|REG:REG0|mem[9][9], FIR_10:U1|REG:REG0|mem[10][9],   ;
;                               ;                           ; FIR_10:U1|REG:REG0|x_out[9]                                    ;
; FIR_10:U1|REG:REG0|mem[0][8]  ; Stuck at GND              ; FIR_10:U1|REG:REG0|mem[1][8], FIR_10:U1|REG:REG0|mem[2][8],    ;
;                               ; due to stuck port data_in ; FIR_10:U1|REG:REG0|mem[3][8], FIR_10:U1|REG:REG0|mem[4][8],    ;
;                               ;                           ; FIR_10:U1|REG:REG0|mem[5][8], FIR_10:U1|REG:REG0|mem[6][8],    ;
;                               ;                           ; FIR_10:U1|REG:REG0|mem[7][8], FIR_10:U1|REG:REG0|mem[8][8],    ;
;                               ;                           ; FIR_10:U1|REG:REG0|mem[9][8], FIR_10:U1|REG:REG0|mem[10][8],   ;
;                               ;                           ; FIR_10:U1|REG:REG0|x_out[8]                                    ;
; FIR_10:U1|REG:REG0|mem[0][7]  ; Stuck at GND              ; FIR_10:U1|REG:REG0|mem[1][7], FIR_10:U1|REG:REG0|mem[2][7],    ;
;                               ; due to stuck port data_in ; FIR_10:U1|REG:REG0|mem[3][7], FIR_10:U1|REG:REG0|mem[4][7],    ;
;                               ;                           ; FIR_10:U1|REG:REG0|mem[5][7], FIR_10:U1|REG:REG0|mem[6][7],    ;
;                               ;                           ; FIR_10:U1|REG:REG0|mem[7][7], FIR_10:U1|REG:REG0|mem[8][7],    ;
;                               ;                           ; FIR_10:U1|REG:REG0|mem[9][7], FIR_10:U1|REG:REG0|mem[10][7],   ;
;                               ;                           ; FIR_10:U1|REG:REG0|x_out[7]                                    ;
; FIR_10:U1|REG:REG0|mem[0][6]  ; Stuck at GND              ; FIR_10:U1|REG:REG0|mem[1][6], FIR_10:U1|REG:REG0|mem[2][6],    ;
;                               ; due to stuck port data_in ; FIR_10:U1|REG:REG0|mem[3][6], FIR_10:U1|REG:REG0|mem[4][6],    ;
;                               ;                           ; FIR_10:U1|REG:REG0|mem[5][6], FIR_10:U1|REG:REG0|mem[6][6],    ;
;                               ;                           ; FIR_10:U1|REG:REG0|mem[7][6], FIR_10:U1|REG:REG0|mem[8][6],    ;
;                               ;                           ; FIR_10:U1|REG:REG0|mem[9][6], FIR_10:U1|REG:REG0|mem[10][6],   ;
;                               ;                           ; FIR_10:U1|REG:REG0|x_out[6]                                    ;
; FIR_10:U1|REG:REG0|mem[0][5]  ; Stuck at GND              ; FIR_10:U1|REG:REG0|mem[1][5], FIR_10:U1|REG:REG0|mem[2][5],    ;
;                               ; due to stuck port data_in ; FIR_10:U1|REG:REG0|mem[3][5], FIR_10:U1|REG:REG0|mem[4][5],    ;
;                               ;                           ; FIR_10:U1|REG:REG0|mem[5][5], FIR_10:U1|REG:REG0|mem[6][5],    ;
;                               ;                           ; FIR_10:U1|REG:REG0|mem[7][5], FIR_10:U1|REG:REG0|mem[8][5],    ;
;                               ;                           ; FIR_10:U1|REG:REG0|mem[9][5], FIR_10:U1|REG:REG0|mem[10][5],   ;
;                               ;                           ; FIR_10:U1|REG:REG0|x_out[5]                                    ;
+-------------------------------+---------------------------+----------------------------------------------------------------+


+------------------------------------------------------+
; General Register Statistics                          ;
+----------------------------------------------+-------+
; Statistic                                    ; Value ;
+----------------------------------------------+-------+
; Total registers                              ; 152   ;
; Number of registers using Synchronous Clear  ; 23    ;
; Number of registers using Synchronous Load   ; 0     ;
; Number of registers using Asynchronous Clear ; 121   ;
; Number of registers using Asynchronous Load  ; 0     ;
; Number of registers using Clock Enable       ; 121   ;
; Number of registers using Preset             ; 0     ;
+----------------------------------------------+-------+


+--------------------------------------------------+
; Inverted Register Statistics                     ;
+----------------------------------------+---------+
; Inverted Register                      ; Fan out ;
+----------------------------------------+---------+
; clk_div_mac:CLOCK_MAC|clk_out          ; 123     ;
; FIR_10:U1|clk_div:CLK_D|clk_out        ; 5       ;
; Data_Gen:U0|counter[0]                 ; 7       ;
; Data_Gen:U0|counter[1]                 ; 5       ;
; Data_Gen:U0|counter[2]                 ; 4       ;
; Data_Gen:U0|counter[3]                 ; 3       ;
; Total number of inverted registers = 6 ;         ;
+----------------------------------------+---------+


+---------------------------------------------------------------------------------------------------------------------------------------------------------+
; Multiplexer Restructuring Statistics (Restructuring Performed)                                                                                          ;
+--------------------+-----------+---------------+----------------------+------------------------+------------+-------------------------------------------+
; Multiplexer Inputs ; Bus Width ; Baseline Area ; Area if Restructured ; Saving if Restructured ; Registered ; Example Multiplexer Output                ;
+--------------------+-----------+---------------+----------------------+------------------------+------------+-------------------------------------------+
; 11:1               ; 5 bits    ; 35 LEs        ; 35 LEs               ; 0 LEs                  ; Yes        ; |fsm_test|FIR_10:U1|REG:REG0|x_out[4]     ;
; 3:1                ; 14 bits   ; 28 LEs        ; 28 LEs               ; 0 LEs                  ; No         ; |fsm_test|FIR_10:U1|FSM:FSM_PROCESS|state ;
+--------------------+-----------+---------------+----------------------+------------------------+------------+-------------------------------------------+


+-------------------------------------------------------------------------------------------+
; Parameter Settings for Inferred Entity Instance: FIR_10:U1|MAC:MAC_PROCESS|lpm_mult:Mult0 ;
+------------------------------------------------+--------------+---------------------------+
; Parameter Name                                 ; Value        ; Type                      ;
+------------------------------------------------+--------------+---------------------------+
; AUTO_CARRY_CHAINS                              ; ON           ; AUTO_CARRY                ;
; IGNORE_CARRY_BUFFERS                           ; OFF          ; IGNORE_CARRY              ;
; AUTO_CASCADE_CHAINS                            ; ON           ; AUTO_CASCADE              ;
; IGNORE_CASCADE_BUFFERS                         ; OFF          ; IGNORE_CASCADE            ;
; LPM_WIDTHA                                     ; 6            ; Untyped                   ;
; LPM_WIDTHB                                     ; 14           ; Untyped                   ;
; LPM_WIDTHP                                     ; 20           ; Untyped                   ;
; LPM_WIDTHR                                     ; 20           ; Untyped                   ;
; LPM_WIDTHS                                     ; 1            ; Untyped                   ;
; LPM_REPRESENTATION                             ; SIGNED       ; Untyped                   ;
; LPM_PIPELINE                                   ; 0            ; Untyped                   ;
; LATENCY                                        ; 0            ; Untyped                   ;
; INPUT_A_IS_CONSTANT                            ; NO           ; Untyped                   ;
; INPUT_B_IS_CONSTANT                            ; NO           ; Untyped                   ;
; USE_EAB                                        ; OFF          ; Untyped                   ;
; MAXIMIZE_SPEED                                 ; 6            ; Untyped                   ;
; DEVICE_FAMILY                                  ; Cyclone IV E ; Untyped                   ;
; CARRY_CHAIN                                    ; MANUAL       ; Untyped                   ;
; APEX20K_TECHNOLOGY_MAPPER                      ; LUT          ; TECH_MAPPER_APEX20K       ;
; DEDICATED_MULTIPLIER_CIRCUITRY                 ; AUTO         ; Untyped                   ;
; DEDICATED_MULTIPLIER_MIN_INPUT_WIDTH_FOR_AUTO  ; 0            ; Untyped                   ;
; DEDICATED_MULTIPLIER_MIN_OUTPUT_WIDTH_FOR_AUTO ; 0            ; Untyped                   ;
; CBXI_PARAMETER                                 ; mult_e4t     ; Untyped                   ;
; INPUT_A_FIXED_VALUE                            ; Bx           ; Untyped                   ;
; INPUT_B_FIXED_VALUE                            ; Bx           ; Untyped                   ;
; USE_AHDL_IMPLEMENTATION                        ; OFF          ; Untyped                   ;
+------------------------------------------------+--------------+---------------------------+
Note: In order to hide this table in the UI and the text report file, please set the "Show Parameter Settings in Synthesis Report" option in "Analysis and Synthesis Settings -> More Settings" to "Off".


+----------------------------------------------------------------------------------+
; lpm_mult Parameter Settings by Entity Instance                                   ;
+---------------------------------------+------------------------------------------+
; Name                                  ; Value                                    ;
+---------------------------------------+------------------------------------------+
; Number of entity instances            ; 1                                        ;
; Entity Instance                       ; FIR_10:U1|MAC:MAC_PROCESS|lpm_mult:Mult0 ;
;     -- LPM_WIDTHA                     ; 6                                        ;
;     -- LPM_WIDTHB                     ; 14                                       ;
;     -- LPM_WIDTHP                     ; 20                                       ;
;     -- LPM_REPRESENTATION             ; SIGNED                                   ;
;     -- INPUT_A_IS_CONSTANT            ; NO                                       ;
;     -- INPUT_B_IS_CONSTANT            ; NO                                       ;
;     -- USE_EAB                        ; OFF                                      ;
;     -- DEDICATED_MULTIPLIER_CIRCUITRY ; AUTO                                     ;
;     -- INPUT_A_FIXED_VALUE            ; Bx                                       ;
;     -- INPUT_B_FIXED_VALUE            ; Bx                                       ;
+---------------------------------------+------------------------------------------+


+-----------------------------------------------------+
; Post-Synthesis Netlist Statistics for Top Partition ;
+-----------------------+-----------------------------+
; Type                  ; Count                       ;
+-----------------------+-----------------------------+
; boundary_port         ; 60                          ;
; cycloneiii_ff         ; 152                         ;
;     CLR               ; 8                           ;
;     CLR SCLR          ; 23                          ;
;     ENA               ; 31                          ;
;     ENA CLR           ; 90                          ;
; cycloneiii_lcell_comb ; 250                         ;
;     arith             ; 53                          ;
;         2 data inputs ; 22                          ;
;         3 data inputs ; 31                          ;
;     normal            ; 197                         ;
;         1 data inputs ; 13                          ;
;         2 data inputs ; 22                          ;
;         3 data inputs ; 44                          ;
;         4 data inputs ; 118                         ;
; cycloneiii_mac_mult   ; 1                           ;
; cycloneiii_mac_out    ; 1                           ;
;                       ;                             ;
; Max LUT depth         ; 7.00                        ;
; Average LUT depth     ; 2.72                        ;
+-----------------------+-----------------------------+


+-------------------------------+
; Elapsed Time Per Partition    ;
+----------------+--------------+
; Partition Name ; Elapsed Time ;
+----------------+--------------+
; Top            ; 00:00:02     ;
+----------------+--------------+


+-------------------------------+
; Analysis & Synthesis Messages ;
+-------------------------------+
Info: *******************************************************************
Info: Running Quartus Prime Analysis & Synthesis
    Info: Version 17.0.0 Build 595 04/25/2017 SJ Lite Edition
    Info: Processing started: Thu Oct 26 18:41:47 2017
Info: Command: quartus_map --read_settings_files=on --write_settings_files=off fsm_test -c fsm_test
Warning (18236): Number of processors has not been specified which may cause overloading on shared machines.  Set the global assignment NUM_PARALLEL_PROCESSORS in your QSF to an appropriate value for best performance.
Info (20030): Parallel compilation is enabled and will use 2 of the 2 processors detected
Info (12021): Found 2 design units, including 1 entities, in source file /users/uninorte/documents/fir_10/clk_div.vhd
    Info (12022): Found design unit 1: clk_div-arq File: C:/Users/uninorte/Documents/FIR_10/clk_div.vhd Line: 13
    Info (12023): Found entity 1: clk_div File: C:/Users/uninorte/Documents/FIR_10/clk_div.vhd Line: 5
Info (12021): Found 2 design units, including 1 entities, in source file /users/uninorte/documents/fir_10/mac.vhd
    Info (12022): Found design unit 1: MAC-arq File: C:/Users/uninorte/Documents/FIR_10/MAC.vhd Line: 17
    Info (12023): Found entity 1: MAC File: C:/Users/uninorte/Documents/FIR_10/MAC.vhd Line: 7
Info (12021): Found 2 design units, including 1 entities, in source file /users/uninorte/documents/fir_10/sieteseg.vhd
    Info (12022): Found design unit 1: sieteseg-arq File: C:/Users/uninorte/Documents/FIR_10/sieteseg.vhd Line: 10
    Info (12023): Found entity 1: sieteseg File: C:/Users/uninorte/Documents/FIR_10/sieteseg.vhd Line: 3
Info (12021): Found 2 design units, including 1 entities, in source file /users/uninorte/documents/fir_10/reg.vhd
    Info (12022): Found design unit 1: REG-arq File: C:/Users/uninorte/Documents/FIR_10/REG.vhd Line: 15
    Info (12023): Found entity 1: REG File: C:/Users/uninorte/Documents/FIR_10/REG.vhd Line: 5
Info (12021): Found 2 design units, including 1 entities, in source file /users/uninorte/documents/fir_10/fsm.vhd
    Info (12022): Found design unit 1: FSM-arq File: C:/Users/uninorte/Documents/FIR_10/FSM.vhd Line: 19
    Info (12023): Found entity 1: FSM File: C:/Users/uninorte/Documents/FIR_10/FSM.vhd Line: 7
Info (12021): Found 1 design units, including 0 entities, in source file /users/uninorte/documents/fir_10/fir_package.vhd
    Info (12022): Found design unit 1: FIR_package File: C:/Users/uninorte/Documents/FIR_10/FIR_package.vhd Line: 5
Info (12021): Found 2 design units, including 1 entities, in source file /users/uninorte/documents/fir_10/fir_10.vhd
    Info (12022): Found design unit 1: FIR_10-arq File: C:/Users/uninorte/Documents/FIR_10/FIR_10.vhd Line: 18
    Info (12023): Found entity 1: FIR_10 File: C:/Users/uninorte/Documents/FIR_10/FIR_10.vhd Line: 7
Info (12021): Found 2 design units, including 1 entities, in source file /users/uninorte/documents/fir_10/data_gen.vhd
    Info (12022): Found design unit 1: Data_Gen-arq File: C:/Users/uninorte/Documents/FIR_10/Data_Gen.vhd Line: 12
    Info (12023): Found entity 1: Data_Gen File: C:/Users/uninorte/Documents/FIR_10/Data_Gen.vhd Line: 4
Info (12021): Found 2 design units, including 1 entities, in source file /users/uninorte/documents/fir_10/clk_div_mac.vhd
    Info (12022): Found design unit 1: clk_div_mac-arq File: C:/Users/uninorte/Documents/FIR_10/clk_div_mac.vhd Line: 13
    Info (12023): Found entity 1: clk_div_mac File: C:/Users/uninorte/Documents/FIR_10/clk_div_mac.vhd Line: 5
Info (12021): Found 2 design units, including 1 entities, in source file /users/uninorte/documents/fir_10/clk_div_data.vhd
    Info (12022): Found design unit 1: clk_div_data-arq File: C:/Users/uninorte/Documents/FIR_10/clk_div_data.vhd Line: 13
    Info (12023): Found entity 1: clk_div_data File: C:/Users/uninorte/Documents/FIR_10/clk_div_data.vhd Line: 5
Info (12021): Found 2 design units, including 1 entities, in source file /users/uninorte/documents/fir_10/bcd27seg.vhd
    Info (12022): Found design unit 1: bcd27seg-arq File: C:/Users/uninorte/Documents/FIR_10/bcd27seg.vhd Line: 10
    Info (12023): Found entity 1: bcd27seg File: C:/Users/uninorte/Documents/FIR_10/bcd27seg.vhd Line: 3
Info (12021): Found 2 design units, including 1 entities, in source file fsm_test.vhd
    Info (12022): Found design unit 1: fsm_test-arq File: C:/Users/uninorte/Documents/FIR_10/FSM_test/fsm_test.vhd Line: 14
    Info (12023): Found entity 1: fsm_test File: C:/Users/uninorte/Documents/FIR_10/FSM_test/fsm_test.vhd Line: 6
Info (12127): Elaborating entity "fsm_test" for the top level hierarchy
Info (12128): Elaborating entity "clk_div_mac" for hierarchy "clk_div_mac:CLOCK_MAC" File: C:/Users/uninorte/Documents/FIR_10/FSM_test/fsm_test.vhd Line: 51
Info (12128): Elaborating entity "Data_Gen" for hierarchy "Data_Gen:U0" File: C:/Users/uninorte/Documents/FIR_10/FSM_test/fsm_test.vhd Line: 52
Info (12128): Elaborating entity "FIR_10" for hierarchy "FIR_10:U1" File: C:/Users/uninorte/Documents/FIR_10/FSM_test/fsm_test.vhd Line: 53
Info (12128): Elaborating entity "clk_div" for hierarchy "FIR_10:U1|clk_div:CLK_D" File: C:/Users/uninorte/Documents/FIR_10/FIR_10.vhd Line: 69
Info (12128): Elaborating entity "REG" for hierarchy "FIR_10:U1|REG:REG0" File: C:/Users/uninorte/Documents/FIR_10/FIR_10.vhd Line: 71
Info (12128): Elaborating entity "MAC" for hierarchy "FIR_10:U1|MAC:MAC_PROCESS" File: C:/Users/uninorte/Documents/FIR_10/FIR_10.vhd Line: 73
Info (12128): Elaborating entity "FSM" for hierarchy "FIR_10:U1|FSM:FSM_PROCESS" File: C:/Users/uninorte/Documents/FIR_10/FIR_10.vhd Line: 75
Warning (10631): VHDL Process Statement warning at FSM.vhd(34): inferring latch(es) for signal or variable "data_out", which holds its previous value in one or more paths through the process File: C:/Users/uninorte/Documents/FIR_10/FSM.vhd Line: 34
Info (10041): Inferred latch for "data_out[0]" at FSM.vhd(34) File: C:/Users/uninorte/Documents/FIR_10/FSM.vhd Line: 34
Info (10041): Inferred latch for "data_out[1]" at FSM.vhd(34) File: C:/Users/uninorte/Documents/FIR_10/FSM.vhd Line: 34
Info (10041): Inferred latch for "data_out[2]" at FSM.vhd(34) File: C:/Users/uninorte/Documents/FIR_10/FSM.vhd Line: 34
Info (10041): Inferred latch for "data_out[3]" at FSM.vhd(34) File: C:/Users/uninorte/Documents/FIR_10/FSM.vhd Line: 34
Info (10041): Inferred latch for "data_out[4]" at FSM.vhd(34) File: C:/Users/uninorte/Documents/FIR_10/FSM.vhd Line: 34
Info (10041): Inferred latch for "data_out[5]" at FSM.vhd(34) File: C:/Users/uninorte/Documents/FIR_10/FSM.vhd Line: 34
Info (10041): Inferred latch for "data_out[6]" at FSM.vhd(34) File: C:/Users/uninorte/Documents/FIR_10/FSM.vhd Line: 34
Info (10041): Inferred latch for "data_out[7]" at FSM.vhd(34) File: C:/Users/uninorte/Documents/FIR_10/FSM.vhd Line: 34
Info (10041): Inferred latch for "data_out[8]" at FSM.vhd(34) File: C:/Users/uninorte/Documents/FIR_10/FSM.vhd Line: 34
Info (10041): Inferred latch for "data_out[9]" at FSM.vhd(34) File: C:/Users/uninorte/Documents/FIR_10/FSM.vhd Line: 34
Info (10041): Inferred latch for "data_out[10]" at FSM.vhd(34) File: C:/Users/uninorte/Documents/FIR_10/FSM.vhd Line: 34
Info (10041): Inferred latch for "data_out[11]" at FSM.vhd(34) File: C:/Users/uninorte/Documents/FIR_10/FSM.vhd Line: 34
Info (10041): Inferred latch for "data_out[12]" at FSM.vhd(34) File: C:/Users/uninorte/Documents/FIR_10/FSM.vhd Line: 34
Info (10041): Inferred latch for "data_out[13]" at FSM.vhd(34) File: C:/Users/uninorte/Documents/FIR_10/FSM.vhd Line: 34
Info (10041): Inferred latch for "data_out[14]" at FSM.vhd(34) File: C:/Users/uninorte/Documents/FIR_10/FSM.vhd Line: 34
Info (10041): Inferred latch for "data_out[15]" at FSM.vhd(34) File: C:/Users/uninorte/Documents/FIR_10/FSM.vhd Line: 34
Info (10041): Inferred latch for "data_out[16]" at FSM.vhd(34) File: C:/Users/uninorte/Documents/FIR_10/FSM.vhd Line: 34
Info (10041): Inferred latch for "data_out[17]" at FSM.vhd(34) File: C:/Users/uninorte/Documents/FIR_10/FSM.vhd Line: 34
Info (10041): Inferred latch for "data_out[18]" at FSM.vhd(34) File: C:/Users/uninorte/Documents/FIR_10/FSM.vhd Line: 34
Info (10041): Inferred latch for "data_out[19]" at FSM.vhd(34) File: C:/Users/uninorte/Documents/FIR_10/FSM.vhd Line: 34
Info (10041): Inferred latch for "data_out[20]" at FSM.vhd(34) File: C:/Users/uninorte/Documents/FIR_10/FSM.vhd Line: 34
Info (10041): Inferred latch for "data_out[21]" at FSM.vhd(34) File: C:/Users/uninorte/Documents/FIR_10/FSM.vhd Line: 34
Info (10041): Inferred latch for "data_out[22]" at FSM.vhd(34) File: C:/Users/uninorte/Documents/FIR_10/FSM.vhd Line: 34
Info (10041): Inferred latch for "data_out[23]" at FSM.vhd(34) File: C:/Users/uninorte/Documents/FIR_10/FSM.vhd Line: 34
Info (10041): Inferred latch for "data_out[24]" at FSM.vhd(34) File: C:/Users/uninorte/Documents/FIR_10/FSM.vhd Line: 34
Info (10041): Inferred latch for "data_out[25]" at FSM.vhd(34) File: C:/Users/uninorte/Documents/FIR_10/FSM.vhd Line: 34
Info (10041): Inferred latch for "data_out[26]" at FSM.vhd(34) File: C:/Users/uninorte/Documents/FIR_10/FSM.vhd Line: 34
Info (10041): Inferred latch for "data_out[27]" at FSM.vhd(34) File: C:/Users/uninorte/Documents/FIR_10/FSM.vhd Line: 34
Info (10041): Inferred latch for "data_out[28]" at FSM.vhd(34) File: C:/Users/uninorte/Documents/FIR_10/FSM.vhd Line: 34
Info (10041): Inferred latch for "data_out[29]" at FSM.vhd(34) File: C:/Users/uninorte/Documents/FIR_10/FSM.vhd Line: 34
Info (10041): Inferred latch for "data_out[30]" at FSM.vhd(34) File: C:/Users/uninorte/Documents/FIR_10/FSM.vhd Line: 34
Info (10041): Inferred latch for "data_out[31]" at FSM.vhd(34) File: C:/Users/uninorte/Documents/FIR_10/FSM.vhd Line: 34
Info (12128): Elaborating entity "sieteseg" for hierarchy "sieteseg:HEX" File: C:/Users/uninorte/Documents/FIR_10/FSM_test/fsm_test.vhd Line: 54
Info (12128): Elaborating entity "bcd27seg" for hierarchy "sieteseg:HEX|bcd27seg:D0" File: C:/Users/uninorte/Documents/FIR_10/sieteseg.vhd Line: 28
Info (278001): Inferred 1 megafunctions from design logic
    Info (278003): Inferred multiplier megafunction ("lpm_mult") from the following logic: "FIR_10:U1|MAC:MAC_PROCESS|Mult0" File: C:/Users/uninorte/Documents/FIR_10/MAC.vhd Line: 26
Info (12130): Elaborated megafunction instantiation "FIR_10:U1|MAC:MAC_PROCESS|lpm_mult:Mult0" File: C:/Users/uninorte/Documents/FIR_10/MAC.vhd Line: 26
Info (12133): Instantiated megafunction "FIR_10:U1|MAC:MAC_PROCESS|lpm_mult:Mult0" with the following parameter: File: C:/Users/uninorte/Documents/FIR_10/MAC.vhd Line: 26
    Info (12134): Parameter "LPM_WIDTHA" = "6"
    Info (12134): Parameter "LPM_WIDTHB" = "14"
    Info (12134): Parameter "LPM_WIDTHP" = "20"
    Info (12134): Parameter "LPM_WIDTHR" = "20"
    Info (12134): Parameter "LPM_WIDTHS" = "1"
    Info (12134): Parameter "LPM_REPRESENTATION" = "SIGNED"
    Info (12134): Parameter "INPUT_A_IS_CONSTANT" = "NO"
    Info (12134): Parameter "INPUT_B_IS_CONSTANT" = "NO"
    Info (12134): Parameter "MAXIMIZE_SPEED" = "6"
Info (12021): Found 1 design units, including 1 entities, in source file db/mult_e4t.tdf
    Info (12023): Found entity 1: mult_e4t File: C:/Users/uninorte/Documents/FIR_10/FSM_test/db/mult_e4t.tdf Line: 29
Info (13000): Registers with preset signals will power-up high File: C:/Users/uninorte/Documents/FIR_10/clk_div_mac.vhd Line: 9
Info (13003): DEV_CLRn pin will set, and not reset, register with preset signal due to NOT Gate Push-Back
Info (286030): Timing-Driven Synthesis is running
Critical Warning (18061): Ignored Power-Up Level option on the following registers
    Critical Warning (18010): Register Data_Gen:U0|counter[0] will power up to High File: C:/Users/uninorte/Documents/FIR_10/Data_Gen.vhd Line: 23
    Critical Warning (18010): Register Data_Gen:U0|counter[1] will power up to High File: C:/Users/uninorte/Documents/FIR_10/Data_Gen.vhd Line: 23
    Critical Warning (18010): Register Data_Gen:U0|counter[2] will power up to High File: C:/Users/uninorte/Documents/FIR_10/Data_Gen.vhd Line: 23
    Critical Warning (18010): Register Data_Gen:U0|counter[3] will power up to High File: C:/Users/uninorte/Documents/FIR_10/Data_Gen.vhd Line: 23
Info (16010): Generating hard_block partition "hard_block:auto_generated_inst"
    Info (16011): Adding 0 node(s), including 0 DDIO, 0 PLL, 0 transceiver and 0 LCELL
Info (21057): Implemented 359 device resources after synthesis - the final resource count might be different
    Info (21058): Implemented 3 input pins
    Info (21059): Implemented 57 output pins
    Info (21061): Implemented 297 logic cells
    Info (21062): Implemented 2 DSP elements
Info: Quartus Prime Analysis & Synthesis was successful. 0 errors, 7 warnings
    Info: Peak virtual memory: 663 megabytes
    Info: Processing ended: Thu Oct 26 18:42:12 2017
    Info: Elapsed time: 00:00:25
    Info: Total CPU time (on all processors): 00:00:37


