------------------------------------------------------------
TimeQuest Timing Analyzer Summary
------------------------------------------------------------

Type  : Slow 1200mV 85C Model Setup 'clk'
Slack : -12.211
TNS   : -665.247

Type  : Slow 1200mV 85C Model Setup 'FIR_10:FIR|FSM:FSM_PROCESS|state.A'
Slack : -3.555
TNS   : -9.711

Type  : Slow 1200mV 85C Model Setup 'RESET'
Slack : -3.520
TNS   : -99.352

Type  : Slow 1200mV 85C Model Setup 'clk_div_data:CLOCK_DATA|clk_out'
Slack : -0.806
TNS   : -2.346

Type  : Slow 1200mV 85C Model Setup 'clk_div_mac:CLOCK_MAC|clk_out'
Slack : -0.372
TNS   : -1.328

Type  : Slow 1200mV 85C Model Hold 'clk'
Slack : 0.147
TNS   : 0.000

Type  : Slow 1200mV 85C Model Hold 'clk_div_mac:CLOCK_MAC|clk_out'
Slack : 0.406
TNS   : 0.000

Type  : Slow 1200mV 85C Model Hold 'clk_div_data:CLOCK_DATA|clk_out'
Slack : 0.408
TNS   : 0.000

Type  : Slow 1200mV 85C Model Hold 'FIR_10:FIR|FSM:FSM_PROCESS|state.A'
Slack : 0.433
TNS   : 0.000

Type  : Slow 1200mV 85C Model Hold 'RESET'
Slack : 1.595
TNS   : 0.000

Type  : Slow 1200mV 85C Model Recovery 'clk'
Slack : -1.286
TNS   : -111.431

Type  : Slow 1200mV 85C Model Recovery 'clk_div_data:CLOCK_DATA|clk_out'
Slack : -0.841
TNS   : -3.165

Type  : Slow 1200mV 85C Model Recovery 'clk_div_mac:CLOCK_MAC|clk_out'
Slack : -0.205
TNS   : -1.025

Type  : Slow 1200mV 85C Model Removal 'clk_div_data:CLOCK_DATA|clk_out'
Slack : 0.052
TNS   : 0.000

Type  : Slow 1200mV 85C Model Removal 'clk_div_mac:CLOCK_MAC|clk_out'
Slack : 0.108
TNS   : 0.000

Type  : Slow 1200mV 85C Model Removal 'clk'
Slack : 0.870
TNS   : 0.000

Type  : Slow 1200mV 85C Model Minimum Pulse Width 'clk'
Slack : -3.000
TNS   : -163.625

Type  : Slow 1200mV 85C Model Minimum Pulse Width 'RESET'
Slack : -3.000
TNS   : -3.000

Type  : Slow 1200mV 85C Model Minimum Pulse Width 'clk_div_data:CLOCK_DATA|clk_out'
Slack : -1.285
TNS   : -6.425

Type  : Slow 1200mV 85C Model Minimum Pulse Width 'clk_div_mac:CLOCK_MAC|clk_out'
Slack : -1.285
TNS   : -6.425

Type  : Slow 1200mV 85C Model Minimum Pulse Width 'FIR_10:FIR|FSM:FSM_PROCESS|state.A'
Slack : 0.428
TNS   : 0.000

Type  : Slow 1200mV 0C Model Setup 'clk'
Slack : -10.932
TNS   : -598.035

Type  : Slow 1200mV 0C Model Setup 'RESET'
Slack : -3.376
TNS   : -95.093

Type  : Slow 1200mV 0C Model Setup 'FIR_10:FIR|FSM:FSM_PROCESS|state.A'
Slack : -3.139
TNS   : -8.921

Type  : Slow 1200mV 0C Model Setup 'clk_div_data:CLOCK_DATA|clk_out'
Slack : -0.648
TNS   : -1.760

Type  : Slow 1200mV 0C Model Setup 'clk_div_mac:CLOCK_MAC|clk_out'
Slack : -0.237
TNS   : -0.714

Type  : Slow 1200mV 0C Model Hold 'clk'
Slack : 0.184
TNS   : 0.000

Type  : Slow 1200mV 0C Model Hold 'clk_div_mac:CLOCK_MAC|clk_out'
Slack : 0.355
TNS   : 0.000

Type  : Slow 1200mV 0C Model Hold 'clk_div_data:CLOCK_DATA|clk_out'
Slack : 0.357
TNS   : 0.000

Type  : Slow 1200mV 0C Model Hold 'FIR_10:FIR|FSM:FSM_PROCESS|state.A'
Slack : 0.498
TNS   : 0.000

Type  : Slow 1200mV 0C Model Hold 'RESET'
Slack : 1.487
TNS   : 0.000

Type  : Slow 1200mV 0C Model Recovery 'clk'
Slack : -1.109
TNS   : -95.871

Type  : Slow 1200mV 0C Model Recovery 'clk_div_data:CLOCK_DATA|clk_out'
Slack : -0.925
TNS   : -3.646

Type  : Slow 1200mV 0C Model Recovery 'clk_div_mac:CLOCK_MAC|clk_out'
Slack : -0.342
TNS   : -1.710

Type  : Slow 1200mV 0C Model Removal 'clk_div_data:CLOCK_DATA|clk_out'
Slack : 0.103
TNS   : 0.000

Type  : Slow 1200mV 0C Model Removal 'clk_div_mac:CLOCK_MAC|clk_out'
Slack : 0.140
TNS   : 0.000

Type  : Slow 1200mV 0C Model Removal 'clk'
Slack : 0.772
TNS   : 0.000

Type  : Slow 1200mV 0C Model Minimum Pulse Width 'clk'
Slack : -3.000
TNS   : -163.625

Type  : Slow 1200mV 0C Model Minimum Pulse Width 'RESET'
Slack : -3.000
TNS   : -3.000

Type  : Slow 1200mV 0C Model Minimum Pulse Width 'clk_div_data:CLOCK_DATA|clk_out'
Slack : -1.285
TNS   : -6.425

Type  : Slow 1200mV 0C Model Minimum Pulse Width 'clk_div_mac:CLOCK_MAC|clk_out'
Slack : -1.285
TNS   : -6.425

Type  : Slow 1200mV 0C Model Minimum Pulse Width 'FIR_10:FIR|FSM:FSM_PROCESS|state.A'
Slack : 0.419
TNS   : 0.000

Type  : Fast 1200mV 0C Model Setup 'clk'
Slack : -5.942
TNS   : -291.043

Type  : Fast 1200mV 0C Model Setup 'FIR_10:FIR|FSM:FSM_PROCESS|state.A'
Slack : -1.486
TNS   : -3.076

Type  : Fast 1200mV 0C Model Setup 'RESET'
Slack : -1.329
TNS   : -35.117

Type  : Fast 1200mV 0C Model Setup 'clk_div_data:CLOCK_DATA|clk_out'
Slack : 0.127
TNS   : 0.000

Type  : Fast 1200mV 0C Model Setup 'clk_div_mac:CLOCK_MAC|clk_out'
Slack : 0.317
TNS   : 0.000

Type  : Fast 1200mV 0C Model Hold 'clk'
Slack : -0.121
TNS   : -0.121

Type  : Fast 1200mV 0C Model Hold 'clk_div_mac:CLOCK_MAC|clk_out'
Slack : 0.181
TNS   : 0.000

Type  : Fast 1200mV 0C Model Hold 'clk_div_data:CLOCK_DATA|clk_out'
Slack : 0.182
TNS   : 0.000

Type  : Fast 1200mV 0C Model Hold 'FIR_10:FIR|FSM:FSM_PROCESS|state.A'
Slack : 0.272
TNS   : 0.000

Type  : Fast 1200mV 0C Model Hold 'RESET'
Slack : 0.437
TNS   : 0.000

Type  : Fast 1200mV 0C Model Recovery 'clk'
Slack : -0.826
TNS   : -61.694

Type  : Fast 1200mV 0C Model Recovery 'clk_div_data:CLOCK_DATA|clk_out'
Slack : -0.030
TNS   : -0.090

Type  : Fast 1200mV 0C Model Recovery 'clk_div_mac:CLOCK_MAC|clk_out'
Slack : 0.373
TNS   : 0.000

Type  : Fast 1200mV 0C Model Removal 'clk_div_mac:CLOCK_MAC|clk_out'
Slack : 0.269
TNS   : 0.000

Type  : Fast 1200mV 0C Model Removal 'clk'
Slack : 0.283
TNS   : 0.000

Type  : Fast 1200mV 0C Model Removal 'clk_div_data:CLOCK_DATA|clk_out'
Slack : 0.298
TNS   : 0.000

Type  : Fast 1200mV 0C Model Minimum Pulse Width 'clk'
Slack : -3.000
TNS   : -135.527

Type  : Fast 1200mV 0C Model Minimum Pulse Width 'RESET'
Slack : -3.000
TNS   : -8.370

Type  : Fast 1200mV 0C Model Minimum Pulse Width 'clk_div_data:CLOCK_DATA|clk_out'
Slack : -1.000
TNS   : -5.000

Type  : Fast 1200mV 0C Model Minimum Pulse Width 'clk_div_mac:CLOCK_MAC|clk_out'
Slack : -1.000
TNS   : -5.000

Type  : Fast 1200mV 0C Model Minimum Pulse Width 'FIR_10:FIR|FSM:FSM_PROCESS|state.A'
Slack : 0.299
TNS   : 0.000

------------------------------------------------------------
